one_second_timer_object.c:6:6:one_second_timer_init	8	static
one_second_timer_object.c:14:6:one_second_timer_start	8	static
one_second_timer_object.c:18:6:one_second_timer_stop	8	static
one_second_timer_object.c:25:6:one_second_timer_set_flag	8	static
one_second_timer_object.c:29:6:one_second_timer_reset_flag	8	static
one_second_timer_object.c:33:5:one_second_timer_get_flag	8	static
one_second_timer_object.c:39:6:one_second_timer_increment_counter	8	static
one_second_timer_object.c:44:10:one_second_timer_get_counter	8	static
